// Jest Snapshot v1, https://goo.gl/fbAQLP

exports[`<TopConsumers /> renders correctly 1`] = `
<div
  class="card-pf kubevirt-dashboard__card"
>
  <div
    class="card-pf-heading kubevirt-dashboard__card-heading"
  >
    <h2
      class="card-pf-title"
    >
      Top Consumers
    </h2>
  </div>
  <div
    class="card-pf-body"
  >
    <div
      class="kubevirt-top-consumers__body"
    >
      <div
        class="row"
      >
        <div
          class="col-lg-12 col-md-12 col-sm-12 col-xs-12"
        >
          <div
            class=" line-chart-pf"
          />
        </div>
      </div>
    </div>
  </div>
</div>
`;
